### Books
- ~~~
<button data-clipboard-text="@book{orban-arioli-2017,
 author        = {Orban, D. and Arioli, M.},
 publisher     = {SIAM},
 volume        = {3},
 doi           = {10.1137/1.9781611974737},
 year          = {2017},
 title         = {Iterative Solution of Symmetric Quasi-Definite Linear Systems},
 series        = {Spotlights},
 optaddress    = {Philadelphia, PA}
}" class="copy-ref">
<span class="icon is-small has-text-primary">
<ion-icon size="small" name="copy"></ion-icon>
</span>
</button>
~~~Iterative Solution of Symmetric Quasi-Definite Linear Systems, **D. Orban, M. Arioli**, SIAM, 2017., [10.1137/1.9781611974737](https://doi.org/10.1137/1.9781611974737)
### Articles (29)
- ~~~
<button data-clipboard-text="@article{Migot2024,
 author        = {Migot, Tangi and Orban, Dominique and Siqueira, Abel  S.},
 publisher     = {The Open Journal},
 volume        = {6},
 doi           = {10.21105/jcon.00161},
 url           = {https://doi.org/10.21105/jcon.00161},
 year          = {2024},
 number        = {63},
 title         = {JSOSuite.jl: Solving continuous optimization problems with JuliaSmoothOptimizers},
 journal       = {Proceedings of the JuliaCon Conferences},
 pages         = {161}
}" class="copy-ref">
<span class="icon is-small has-text-primary">
<ion-icon size="small" name="copy"></ion-icon>
</span>
</button>
~~~JSOSuite.jl: Solving continuous optimization problems with JuliaSmoothOptimizers, **Tangi Migot, Dominique Orban, Abel S. Siqueira**, Proceedings of the JuliaCon Conferences, 6(63), 161, 2024., [10.21105/jcon.00161](https://doi.org/10.21105/jcon.00161)
- ~~~
<button data-clipboard-text="@article{Cibulka2024,
 title         = {Towards optimal spatio‐temporal decomposition of control‐related sum‐of‐squares programs},
 author        = {Cibulka, Vít and Korda, Milan and Haniš, Tomáš},
 month         = {September},
 journal       = {International Journal of Robust and Nonlinear Control},
 publisher     = {Wiley},
 doi           = {10.1002/rnc.7596},
 url           = {https://doi.org/10.1002/rnc.7596},
 year          = {2024},
 issn          = {1099-1239}
}" class="copy-ref">
<span class="icon is-small has-text-primary">
<ion-icon size="small" name="copy"></ion-icon>
</span>
</button>
~~~Towards optimal spatio‐temporal decomposition of control‐related sum‐of‐squares programs, **Vít Cibulka, Milan Korda, Tomáš Haniš**, International Journal of Robust and Nonlinear Control, 2024., [10.1002/rnc.7596](https://doi.org/10.1002/rnc.7596)
- ~~~
<button data-clipboard-text="@article{DussaultMigotOrban2023,
 title         = {{Scalable adaptive cubic regularization methods}},
 author        = {Dussault, J.-P. and Migot, T. and Orban, D.},
 journal       = {Mathematical Programming Series A},
 doi           = {10.1007/s10107-023-02007-6},
 url           = {https://link.springer.com/article/10.1007/s10107-023-02007-6},
 year          = {2023}
}" class="copy-ref">
<span class="icon is-small has-text-primary">
<ion-icon size="small" name="copy"></ion-icon>
</span>
</button>
~~~Scalable adaptive cubic regularization methods, **J.-P. Dussault, T. Migot, D. Orban**, Mathematical Programming Series A, 2023., [10.1007/s10107-023-02007-6](https://doi.org/10.1007/s10107-023-02007-6)
- ~~~
<button data-clipboard-text="@article{MontoisonOrban2023,
 number        = {89},
 title         = {{Krylov.jl: A Julia basket of hand-picked Krylov methods}},
 author        = {Montoison, A. and Orban, D.},
 journal       = {Journal of Open Source Software},
 volume        = {8},
 doi           = {10.21105/joss.05187},
 url           = {https://joss.theoj.org/papers/10.21105/joss.05187},
 year          = {2023},
 pages         = {5187}
}" class="copy-ref">
<span class="icon is-small has-text-primary">
<ion-icon size="small" name="copy"></ion-icon>
</span>
</button>
~~~Krylov.jl: A Julia basket of hand-picked Krylov methods, **A. Montoison, D. Orban**, Journal of Open Source Software, 8(89), 5187, 2023., [10.21105/joss.05187](https://doi.org/10.21105/joss.05187)
- ~~~
<button data-clipboard-text="@article{Montoison2023,
 number        = {44},
 title         = {GPMR: An Iterative Method for Unsymmetric Partitioned Linear Systems},
 author        = {Montoison, A. and Orban, D.},
 journal       = {SIAM Journal on Matrix Analysis and Applications},
 volume        = {1},
 doi           = {10.1137/21M1459265},
 url           = {https://doi.org/10.1137/21M1459265},
 year          = {2023},
 pages         = {293--311}
}" class="copy-ref">
<span class="icon is-small has-text-primary">
<ion-icon size="small" name="copy"></ion-icon>
</span>
</button>
~~~GPMR: An Iterative Method for Unsymmetric Partitioned Linear Systems, **A. Montoison, D. Orban**, SIAM Journal on Matrix Analysis and Applications, 1(44), 293--311, 2023., [10.1137/21M1459265](https://doi.org/10.1137/21M1459265)
- ~~~
<button data-clipboard-text="@article{Irwin2023,
 title         = {Secant penalized BFGS: a noise robust quasi-Newton method via penalizing the secant condition},
 author        = {Irwin, B. and Haber, E.},
 journal       = {Computational Optimimization and Applications},
 volume        = {84},
 doi           = {10.1007/s10589-022-00448-x},
 url           = {https://doi.org/10.1007/s10589-022-00448-x},
 year          = {2023},
 pages         = {651--702}
}" class="copy-ref">
<span class="icon is-small has-text-primary">
<ion-icon size="small" name="copy"></ion-icon>
</span>
</button>
~~~Secant penalized BFGS: a noise robust quasi-Newton method via penalizing the secant condition, **B. Irwin, E. Haber**, Computational Optimimization and Applications, 84, 651--702, 2023., [10.1007/s10589-022-00448-x](https://doi.org/10.1007/s10589-022-00448-x)
- ~~~
<button data-clipboard-text="@article{DeMarchi2023,
 number        = {2},
 title         = {Regularized Interior Point Methods for Constrained Optimization and Control},
 author        = {Marchi, A.  De},
 journal       = {IFAC-PapersOnLine},
 volume        = {56},
 doi           = {10.1016/j.ifacol.2023.10.1747},
 url           = {https://doi.org/10.1016/j.ifacol.2023.10.1747},
 year          = {2023},
 pages         = { 1247--1252}
}" class="copy-ref">
<span class="icon is-small has-text-primary">
<ion-icon size="small" name="copy"></ion-icon>
</span>
</button>
~~~Regularized Interior Point Methods for Constrained Optimization and Control, **A. De Marchi**, IFAC-PapersOnLine, 56(2),  1247--1252, 2023., [10.1016/j.ifacol.2023.10.1747](https://doi.org/10.1016/j.ifacol.2023.10.1747)
- ~~~
<button data-clipboard-text="@article{Na2023,
 title         = {An adaptive stochastic sequential quadratic programming with differentiable exact augmented lagrangians},
 author        = {Na, S. and Anitescu, M. and Kolar, M.},
 journal       = {Mathematical Programming},
 volume        = {199},
 doi           = {10.1007/s10107-022-01846-z},
 url           = {https://doi.org/10.1007/s10107-022-01846-z},
 year          = {2023},
 pages         = {721--791}
}" class="copy-ref">
<span class="icon is-small has-text-primary">
<ion-icon size="small" name="copy"></ion-icon>
</span>
</button>
~~~An adaptive stochastic sequential quadratic programming with differentiable exact augmented lagrangians, **S. Na, M. Anitescu, M. Kolar**, Mathematical Programming, 199, 721--791, 2023., [10.1007/s10107-022-01846-z](https://doi.org/10.1007/s10107-022-01846-z)
- ~~~
<button data-clipboard-text="@article{Migot2022,
 author        = {Migot, T. and Orban, D. and Siqueira, A. S.},
 publisher     = {The Open Journal},
 volume        = {7},
 doi           = {10.21105/joss.03991},
 url           = {https://doi.org/10.21105/joss.03991},
 year          = {2022},
 number        = {70},
 title         = {DCISolver.jl: A Julia Solver for Nonlinear Optimization using Dynamic Control of Infeasibility},
 journal       = {Journal of Open Source Software},
 pages         = {3991}
}" class="copy-ref">
<span class="icon is-small has-text-primary">
<ion-icon size="small" name="copy"></ion-icon>
</span>
</button>
~~~DCISolver.jl: A Julia Solver for Nonlinear Optimization using Dynamic Control of Infeasibility, **T. Migot, D. Orban, A. S. Siqueira**, Journal of Open Source Software, 7(70), 3991, 2022., [10.21105/joss.03991](https://doi.org/10.21105/joss.03991)
- ~~~
<button data-clipboard-text="@article{migot-orban-siqueira-pdenlpmodels-2022,
 author        = {Migot, T. and Orban, D. and Siqueira, A. S.},
 publisher     = {The Open Journal},
 volume        = {7},
 doi           = {10.21105/joss.04736},
 url           = {https://doi.org/10.21105/joss.04736},
 year          = {2022},
 number        = {80},
 title         = {PDENLPModels.jl: An NLPModel API for Optimization Problems with PDE-Constraints},
 journal       = {Journal of Open Source Software},
 pages         = {4736}
}" class="copy-ref">
<span class="icon is-small has-text-primary">
<ion-icon size="small" name="copy"></ion-icon>
</span>
</button>
~~~PDENLPModels.jl: An NLPModel API for Optimization Problems with PDE-Constraints, **T. Migot, D. Orban, A. S. Siqueira**, Journal of Open Source Software, 7(80), 4736, 2022., [10.21105/joss.04736](https://doi.org/10.21105/joss.04736)
- ~~~
<button data-clipboard-text="@article{aravkin-baraldi-orban-2022,
 number        = {2},
 title         = {A Proximal Quasi-Newton Trust-Region Method for Nonsmooth Regularized Optimization},
 author        = {Aravkin, A. Y. and Baraldi, R. and Orban, D.},
 journal       = {SIAM Journal on Optimization},
 volume        = {32},
 doi           = {10.1137/21M1409536},
 url           = {https://doi.org/10.1137/21M1409536},
 year          = {2022},
 pages         = {900--929}
}" class="copy-ref">
<span class="icon is-small has-text-primary">
<ion-icon size="small" name="copy"></ion-icon>
</span>
</button>
~~~A Proximal Quasi-Newton Trust-Region Method for Nonsmooth Regularized Optimization, **A. Y. Aravkin, R. Baraldi, D. Orban**, SIAM Journal on Optimization, 32(2), 900--929, 2022., [10.1137/21M1409536](https://doi.org/10.1137/21M1409536)
- ~~~
<button data-clipboard-text="@article{Andreani2022,
 title         = {An extended delayed weighted gradient algorithm for solving strongly convex optimization problems},
 author        = {Andreani, R. and Oviedo, H. and Raydan, M. and Secchin, L.D.},
 journal       = {Journal of Computational and Applied Mathematics},
 volume        = {416},
 doi           = {10.1016/j.cam.2022.114525},
 url           = {https://doi.org/10.1016/j.cam.2022.114525},
 year          = {2022},
 pages         = {114525}
}" class="copy-ref">
<span class="icon is-small has-text-primary">
<ion-icon size="small" name="copy"></ion-icon>
</span>
</button>
~~~An extended delayed weighted gradient algorithm for solving strongly convex optimization problems, **R. Andreani, H. Oviedo, M. Raydan, L.D. Secchin**, Journal of Computational and Applied Mathematics, 416, 114525, 2022., [10.1016/j.cam.2022.114525](https://doi.org/10.1016/j.cam.2022.114525)
- ~~~
<button data-clipboard-text="@article{Planden2022,
 title         = {A computationally informed realisation algorithm for lithium-ion batteries implemented with {LiiBRA}.jl},
 author        = {Planden, B. and Lukow, K. and Henshall, P. and Collier, G. and Morrey, D.},
 journal       = {Journal of Energy Storage},
 volume        = {55},
 doi           = {10.1016/j.est.2022.105637},
 url           = {https://doi.org/10.1016/j.est.2022.105637},
 year          = {2022},
 pages         = {105637}
}" class="copy-ref">
<span class="icon is-small has-text-primary">
<ion-icon size="small" name="copy"></ion-icon>
</span>
</button>
~~~A computationally informed realisation algorithm for lithium-ion batteries implemented with LiiBRA.jl, **B. Planden, K. Lukow, P. Henshall, G. Collier, D. Morrey**, Journal of Energy Storage, 55, 105637, 2022., [10.1016/j.est.2022.105637](https://doi.org/10.1016/j.est.2022.105637)
- ~~~
<button data-clipboard-text="@article{Fowkes2022,
 number        = {78},
 title         = {PyCUTEst: an open source Python package of optimization test problems},
 author        = {Fowkes, J. and Roberts, L. and B\"urmen, A.},
 journal       = {Journal of Open Source Software},
 volume        = {7},
 doi           = {10.21105/joss.04377},
 url           = {https://doi.org/10.21105/joss.04377},
 year          = {2022},
 pages         = {4377}
}" class="copy-ref">
<span class="icon is-small has-text-primary">
<ion-icon size="small" name="copy"></ion-icon>
</span>
</button>
~~~PyCUTEst: an open source Python package of optimization test problems, **J. Fowkes, L. Roberts, A. B\"urmen**, Journal of Open Source Software, 7(78), 4377, 2022., [10.21105/joss.04377](https://doi.org/10.21105/joss.04377)
- ~~~
<button data-clipboard-text="@article{Campana2022,
 number        = {7},
 title         = {Mathematical models and heuristic methods for the assembly line balancing problem with hierarchical worker assignment},
 author        = { and Moreira, M. C. O.},
 journal       = {International Journal of Production Research},
 volume        = {60},
 doi           = {10.1080/00207543.2021.1884767},
 url           = {https://doi.org/10.1080/00207543.2021.1884767},
 year          = {2022},
 pages         = {2193--2211}
}" class="copy-ref">
<span class="icon is-small has-text-primary">
<ion-icon size="small" name="copy"></ion-icon>
</span>
</button>
~~~Mathematical models and heuristic methods for the assembly line balancing problem with hierarchical worker assignment, **, M. C. O. Moreira**, International Journal of Production Research, 60(7), 2193--2211, 2022., [10.1080/00207543.2021.1884767](https://doi.org/10.1080/00207543.2021.1884767)
- ~~~
<button data-clipboard-text="@article{Frankwolfe2022,
 number        = {5},
 title         = {Frankwolfe.jl: A high-performance and flexible toolbox for frank–wolfe algorithms and conditional gradients},
 author        = { and Pokutta, S.},
 journal       = {INFORMS Journal on Computing},
 volume        = {34},
 doi           = {10.1287/ijoc.2022.1191},
 url           = {https://doi.org/10.1287/ijoc.2022.1191},
 year          = {2022},
 pages         = {2611--2620}
}" class="copy-ref">
<span class="icon is-small has-text-primary">
<ion-icon size="small" name="copy"></ion-icon>
</span>
</button>
~~~Frankwolfe.jl: A high-performance and flexible toolbox for frank–wolfe algorithms and conditional gradients, **, S. Pokutta**, INFORMS Journal on Computing, 34(5), 2611--2620, 2022., [10.1287/ijoc.2022.1191](https://doi.org/10.1287/ijoc.2022.1191)
- ~~~
<button data-clipboard-text="@article{Montoison2021,
 author        = {Montoison, A. and Orban, D.},
 publisher     = {Society for Industrial \& Applied Mathematics (SIAM)},
 volume        = {43},
 doi           = {10.1137/20m1363030},
 url           = {https://doi.org/10.1137/20m1363030},
 year          = {2021},
 number        = {4},
 title         = {TriCG and TriMR: Two Iterative Methods for Symmetric Quasi-definite Systems},
 journal       = {SIAM Journal on Scientific Computing},
 pages         = {A2502--A2525}
}" class="copy-ref">
<span class="icon is-small has-text-primary">
<ion-icon size="small" name="copy"></ion-icon>
</span>
</button>
~~~TriCG and TriMR: Two Iterative Methods for Symmetric Quasi-definite Systems, **A. Montoison, D. Orban**, SIAM Journal on Scientific Computing, 43(4), A2502--A2525, 2021., [10.1137/20m1363030](https://doi.org/10.1137/20m1363030)
- ~~~
<button data-clipboard-text="@article{Ek2021-a,
 author        = {Ek, D. and Forsgren, A.},
 publisher     = {Springer Science and Business Media LLC},
 volume        = {79},
 doi           = {10.1007/s10589-021-00265-8},
 url           = {https://doi.org/10.1007/s10589-021-00265-8},
 year          = {2021},
 number        = {1},
 title         = {Approximate solution of system of equations arising in interior-point methods for bound-constrained optimization},
 journal       = {Computational Optimization and Applications},
 pages         = {155--191}
}" class="copy-ref">
<span class="icon is-small has-text-primary">
<ion-icon size="small" name="copy"></ion-icon>
</span>
</button>
~~~Approximate solution of system of equations arising in interior-point methods for bound-constrained optimization, **D. Ek, A. Forsgren**, Computational Optimization and Applications, 79(1), 155--191, 2021., [10.1007/s10589-021-00265-8](https://doi.org/10.1007/s10589-021-00265-8)
- ~~~
<button data-clipboard-text="@article{Ek2021-b,
 author        = {Ek, D. and Forsgren, A.},
 publisher     = {Springer Science and Business Media {LLC}},
 volume        = {79},
 doi           = {10.1007/s10589-021-00277-4},
 url           = {https://doi.org/10.1007/s10589-021-00277-4},
 year          = {2021},
 number        = {3},
 title         = {Exact linesearch limited-memory quasi-Newton methods for minimizing a quadratic function},
 journal       = {Computational Optimization and Applications},
 pages         = {789--816}
}" class="copy-ref">
<span class="icon is-small has-text-primary">
<ion-icon size="small" name="copy"></ion-icon>
</span>
</button>
~~~Exact linesearch limited-memory quasi-Newton methods for minimizing a quadratic function, **D. Ek, A. Forsgren**, Computational Optimization and Applications, 79(3), 789--816, 2021., [10.1007/s10589-021-00277-4](https://doi.org/10.1007/s10589-021-00277-4)
- ~~~
<button data-clipboard-text="@article{Tanneau2021,
 author        = {Tanneau, M. and Anjos, M. F. and Lodi, A.},
 publisher     = {Springer Science and Business Media LLC},
 volume        = {13},
 doi           = {10.1007/s12532-020-00200-8},
 url           = {https://doi.org/10.1007/s12532-020-00200-8},
 year          = {2021},
 number        = {3},
 title         = {Design and implementation of a modular interior-point solver for linear optimization},
 journal       = {Mathematical Programming Computation},
 pages         = {509--551}
}" class="copy-ref">
<span class="icon is-small has-text-primary">
<ion-icon size="small" name="copy"></ion-icon>
</span>
</button>
~~~Design and implementation of a modular interior-point solver for linear optimization, **M. Tanneau, M. F. Anjos, A. Lodi**, Mathematical Programming Computation, 13(3), 509--551, 2021., [10.1007/s12532-020-00200-8](https://doi.org/10.1007/s12532-020-00200-8)
- ~~~
<button data-clipboard-text="@article{Omer2021,
 author        = {Omer, J. and Mucherino, A.},
 month         = {August},
 publisher     = {Cellule {MathDoc}/{CEDRAM}},
 volume        = {2},
 doi           = {10.5802/ojmo.8},
 url           = {https://doi.org/10.5802/ojmo.8},
 year          = {2021},
 title         = {The Referenced Vertex Ordering Problem: Theory,  Applications,  and Solution Methods},
 journal       = {Open Journal of Mathematical Optimization},
 pages         = {1--29}
}" class="copy-ref">
<span class="icon is-small has-text-primary">
<ion-icon size="small" name="copy"></ion-icon>
</span>
</button>
~~~The Referenced Vertex Ordering Problem: Theory,  Applications,  and Solution Methods, **J. Omer, A. Mucherino**, Open Journal of Mathematical Optimization, 2, 1--29, 2021., [10.5802/ojmo.8](https://doi.org/10.5802/ojmo.8)
- ~~~
<button data-clipboard-text="@article{Dussault2019,
 author        = {Dussault, J.-P.},
 month         = {July},
 publisher     = {Informa UK Limited},
 volume        = {58},
 doi           = {10.1080/03155986.2019.1624490},
 url           = {https://doi.org/10.1080/03155986.2019.1624490},
 year          = {2020},
 number        = {2},
 title         = {A Unified Efficient Implementation of Trust-region Type Algorithms for Unconstrained Optimization},
 journal       = {INFOR: Information Systems and Operational Research},
 pages         = {290--309}
}" class="copy-ref">
<span class="icon is-small has-text-primary">
<ion-icon size="small" name="copy"></ion-icon>
</span>
</button>
~~~A Unified Efficient Implementation of Trust-region Type Algorithms for Unconstrained Optimization, **J.-P. Dussault**, INFOR: Information Systems and Operational Research, 58(2), 290--309, 2020., [10.1080/03155986.2019.1624490](https://doi.org/10.1080/03155986.2019.1624490)
- ~~~
<button data-clipboard-text="@article{orban-siqueira-2020,
 title         = {A Regularization Method for Constrained Nonlinear Least Squares},
 author        = {Orban, D. and Siqueira, A. S.},
 journal       = {Computational Optimization and Applications},
 preprint      = {https://link.springer.com/article/10.1007/s10589-020-00201-2},
 volume        = {76},
 doi           = {10.1007/s10589-020-00201-2},
 year          = {2020},
 pages         = {961--989}
}" class="copy-ref">
<span class="icon is-small has-text-primary">
<ion-icon size="small" name="copy"></ion-icon>
</span>
</button>
~~~A Regularization Method for Constrained Nonlinear Least Squares, **D. Orban, A. S. Siqueira**, Computational Optimization and Applications, 76, 961--989, 2020., [10.1007/s10589-020-00201-2](https://doi.org/10.1007/s10589-020-00201-2)
- ~~~
<button data-clipboard-text="@article{Montoison2020,
 author        = {Montoison, A. and Orban, D.},
 month         = {January},
 publisher     = {Society for Industrial \& Applied Mathematics (SIAM)},
 volume        = {41},
 doi           = {10.1137/19m1290991},
 url           = {https://doi.org/10.1137/19m1290991},
 year          = {2020},
 number        = {3},
 title         = {BiLQ: An Iterative Method for Nonsymmetric Linear Systems with a Quasi-Minimum Error Property},
 journal       = {SIAM Journal on Matrix Analysis and Applications},
 pages         = {1145--1166}
}" class="copy-ref">
<span class="icon is-small has-text-primary">
<ion-icon size="small" name="copy"></ion-icon>
</span>
</button>
~~~BiLQ: An Iterative Method for Nonsymmetric Linear Systems with a Quasi-Minimum Error Property, **A. Montoison, D. Orban**, SIAM Journal on Matrix Analysis and Applications, 41(3), 1145--1166, 2020., [10.1137/19m1290991](https://doi.org/10.1137/19m1290991)
- ~~~
<button data-clipboard-text="@article{estrin-orban-saunders-2019c,
 gerad         = {G-2018-40},
 author        = {Estrin, R. and Orban, D. and Saunders, M. A.},
 grant         = {NSERC 299010-04},
 preprint      = {https://doi.org/10.13140/RG.2.2.34725.81123},
 volume        = {40},
 doi           = {10.1137/18M1194948},
 year          = {2019},
 number        = {3},
 title         = {LNLQ: An Iterative Method for Least-Norm Problems with an Error Minimization Property},
 journal       = {SIAM Journal on Matrix Analysis},
 pages         = {1102--1124}
}" class="copy-ref">
<span class="icon is-small has-text-primary">
<ion-icon size="small" name="copy"></ion-icon>
</span>
</button>
~~~LNLQ: An Iterative Method for Least-Norm Problems with an Error Minimization Property, **R. Estrin, D. Orban, M. A. Saunders**, SIAM Journal on Matrix Analysis, 40(3), 1102--1124, 2019., [10.1137/18M1194948](https://doi.org/10.1137/18M1194948)
- ~~~
<button data-clipboard-text="@article{buttari-orban-ruiz-titley-peloquin-2019,
 gerad         = {G-2018-42},
 author        = {Buttari, A. and Orban, D. and Ruiz, D. and Titley-Peloquin, D.},
 grant         = {NSERC 299010-04},
 preprint      = {https://www.gerad.ca/en/papers/G-2018-42.pdf},
 volume        = {41},
 doi           = {10.1137/18M1194900},
 year          = {2019},
 number        = {5},
 title         = {A Tridiagonalization Method for Symmetric Saddle-Point System},
 journal       = {SIAM Journal on Scientific Computing},
 pages         = {S409--S432}
}" class="copy-ref">
<span class="icon is-small has-text-primary">
<ion-icon size="small" name="copy"></ion-icon>
</span>
</button>
~~~A Tridiagonalization Method for Symmetric Saddle-Point System, **A. Buttari, D. Orban, D. Ruiz, D. Titley-Peloquin**, SIAM Journal on Scientific Computing, 41(5), S409--S432, 2019., [10.1137/18M1194900](https://doi.org/10.1137/18M1194900)
- ~~~
<button data-clipboard-text="@article{dahito-orban-2019,
 gerad         = {G-2018-50},
 author        = {Dahito, M.-A. and Orban, D.},
 grant         = {NSERC 299010-04},
 preprint      = {https://www.gerad.ca/en/papers/G-2018-50.pdf},
 volume        = {29},
 doi           = {10.1137/18M1204255},
 year          = {2019},
 number        = {3},
 title         = {The Conjugate Residual Method in Linesearch and Trust-Region Methods},
 journal       = {SIAM Journal on Optimization},
 pages         = {1988--2025}
}" class="copy-ref">
<span class="icon is-small has-text-primary">
<ion-icon size="small" name="copy"></ion-icon>
</span>
</button>
~~~The Conjugate Residual Method in Linesearch and Trust-Region Methods, **M.-A. Dahito, D. Orban**, SIAM Journal on Optimization, 29(3), 1988--2025, 2019., [10.1137/18M1204255](https://doi.org/10.1137/18M1204255)
- ~~~
<button data-clipboard-text="@article{estrin-orban-saunders-2019b,
 gerad         = {G-2017-05},
 author        = {Estrin, R. and Orban, D. and Saunders, M. A.},
 grant         = {NSERC 299010-04},
 preprint      = {https://web.stanford.edu/group/SOL/software/lslq/lslq.pdf},
 volume        = {40},
 doi           = {10.1137/17M1113552},
 year          = {2019},
 number        = {1},
 title         = {LSLQ: An Iterative Method for Linear Least-Squares with an Error Minimization Property},
 journal       = {SIAM Journal on Matrix Analysis},
 pages         = {254--275}
}" class="copy-ref">
<span class="icon is-small has-text-primary">
<ion-icon size="small" name="copy"></ion-icon>
</span>
</button>
~~~LSLQ: An Iterative Method for Linear Least-Squares with an Error Minimization Property, **R. Estrin, D. Orban, M. A. Saunders**, SIAM Journal on Matrix Analysis, 40(1), 254--275, 2019., [10.1137/17M1113552](https://doi.org/10.1137/17M1113552)
- ~~~
<button data-clipboard-text="@article{dussault2017,
 author        = {Dussault, J.-P.},
 grant         = {NSERC 299010-04},
 volume        = {45},
 doi           = {10.1016/j.orl.2017.08.009},
 url           = {https://doi.org/10.1016/j.orl.2017.08.009},
 year          = {2017},
 number        = {5},
 title         = {A note on robust descent in differentiable optimization},
 journal       = {Operations Research Letters},
 pages         = {530--532}
}" class="copy-ref">
<span class="icon is-small has-text-primary">
<ion-icon size="small" name="copy"></ion-icon>
</span>
</button>
~~~A note on robust descent in differentiable optimization, **J.-P. Dussault**, Operations Research Letters, 45(5), 530--532, 2017., [10.1016/j.orl.2017.08.009](https://doi.org/10.1016/j.orl.2017.08.009)
### In Proceedings (4)
- ~~~
<button data-clipboard-text="@inproceedings{cole2023exploiting,
 title         = {Exploiting GPU/SIMD Architectures for Solving Linear-Quadratic MPC Problems},
 author        = {Cole, D. and Shin, S. and Pacaud, F. and Zavala, V. M. and Anitescu, M.},
 booktitle     = {2023 American Control Conference (ACC)},
 organization  = {IEEE},
 year          = {2023},
 pages         = {3995--4000}
}" class="copy-ref">
<span class="icon is-small has-text-primary">
<ion-icon size="small" name="copy"></ion-icon>
</span>
</button>
~~~Exploiting GPU/SIMD Architectures for Solving Linear-Quadratic MPC Problems, **D. Cole, S. Shin, F. Pacaud, V. M. Zavala, M. Anitescu**,  In 2023 American Control Conference (ACC), 3995--4000, 2023., []()
- ~~~
<button data-clipboard-text="@inproceedings{NEURIPS2022_2c19666c,
 editor        = {Koyejo, S. and Mohamed, S. and Agarwal, A. and Belgrave, D. and Cho, K. and Oh, A.},
 title         = {A consistently adaptive trust-region method},
 author        = {Hamad, F. and Hinder, O.},
 booktitle     = {Advances in Neural Information Processing Systems},
 publisher     = {Curran Associates, Inc.},
 volume        = {35},
 url           = {https://proceedings.neurips.cc/paper_files/paper/2022/file/2c19666cbb2c14d45d39e2dcf6ab0b99-Paper-Conference.pdf},
 year          = {2022},
 pages         = {6640--6653}
}" class="copy-ref">
<span class="icon is-small has-text-primary">
<ion-icon size="small" name="copy"></ion-icon>
</span>
</button>
~~~A consistently adaptive trust-region method, **F. Hamad, O. Hinder**,  In Advances in Neural Information Processing Systems, 6640--6653, 2022. Curran Associates, Inc.., [https://proceedings.neurips.cc/paper_files/paper/2022/file/2c19666cbb2c14d45d39e2dcf6ab0b99-Paper-Conference.pdf](https://proceedings.neurips.cc/paper_files/paper/2022/file/2c19666cbb2c14d45d39e2dcf6ab0b99-Paper-Conference.pdf)
- ~~~
<button data-clipboard-text="@inproceedings{Ma2021,
 title         = {A Julia Implementation of Algorithm NCL for Constrained Optimization},
 author        = {Ma, D. and Orban, D. and Saunders, M. A.},
 booktitle     = {Numerical Analysis and Optimization},
 publisher     = {Springer International Publishing},
 doi           = {10.1007/978-3-030-72040-7_8},
 url           = {https://doi.org/10.1007/978-3-030-72040-7_8},
 year          = {2021},
 pages         = {153--182}
}" class="copy-ref">
<span class="icon is-small has-text-primary">
<ion-icon size="small" name="copy"></ion-icon>
</span>
</button>
~~~A Julia Implementation of Algorithm NCL for Constrained Optimization, **D. Ma, D. Orban, M. A. Saunders**,  In Numerical Analysis and Optimization, 153--182, 2021. Springer International Publishing., [10.1007/978-3-030-72040-7_8](https://doi.org/10.1007/978-3-030-72040-7_8)
- ~~~
<button data-clipboard-text="@inproceedings{Marchi2021,
 title         = {Augmented Lagrangian methods as dynamical systems for constrained optimization},
 author        = {De Marchi, A.},
 booktitle     = {2021 60th IEEE Conference on Decision and Control},
 publisher     = {IEEE},
 doi           = {10.1109/CDC45484.2021.9683199},
 url           = {https://doi.org/10.1109/CDC45484.2021.9683199},
 year          = {2021},
 pages         = {6533--6538}
}" class="copy-ref">
<span class="icon is-small has-text-primary">
<ion-icon size="small" name="copy"></ion-icon>
</span>
</button>
~~~Augmented Lagrangian methods as dynamical systems for constrained optimization, **A. De Marchi**,  In 2021 60th IEEE Conference on Decision and Control, 6533--6538, 2021. IEEE., [10.1109/CDC45484.2021.9683199](https://doi.org/10.1109/CDC45484.2021.9683199)
### Talks (25)
- [Krylov.jl: Empowering Performance and Portability in High-Performance Computing](/files/LANS-Seminar-Argonne.pdf), **Alexis Montoison**, LANS Seminar, Chicago, USA, 2023-Dec-13
- [Nonlinear Optimization with the Julia Smooth Optimizers packages](https://www.youtube.com/watch?v=i1eeD3uHbZ4), **Abel Soares Siqueira**, JuliaCon Local, Eindhoven, Netherlands, 2023-Dec-1
- [Julia Smooth Optimizers: Streamlined research and recent developments of the ecosystem](https://github.com/JuliaSmoothOptimizers/JuliaSmoothOptimizers.github.io/files/12891425/JSO.at.Paris.JuliaOptDays.pdf), **Abel Soares Siqueira**, Journées Julia et Optimisation, Paris, France, 2023-Oct-6
- [Optimization Solver in Julia Smooth Optimizers](https://www.youtube.com/watch?v=x52QlIb8E9Y), **Tangi Migot**, JuliaCon 2023, MIT, 2023-Jul-28
- [On solving optimal control problems in Julia](https://youtu.be/RYUtVnzLj5k?si=ByjswMbmGQ9RLHaW), **Jean-Baptiste Caillau, Olivier Cots, Joseph Gergaud, and Pierre Martinon**, JuliaCon 2023, MIT, 2023-Jul-28
- [JuliaHSL: the ultimate collection for large-scale scientific computation](https://www.gerad.ca/fr/events/2128), **Alexis Montoison**, GERAD seminar, Montreal, Canada, 2023-Jul-4
- How to maintain a large Julia package ecosystem, **Abel Soares Siqueira**, Julia Eindhoven meetup, 2023-Jan-19
- [Introduction to Julia -- Krylov.jl](https://github.com/amontoison/STFC-Krylov), **Alexis Montoison and Dominique Orban**, STFC-Rutherford Appleton Laboratory, England, 2022-Dec-8
- [The JuliaSmoothOptimizers (JSO) Organization](https://www.youtube.com/watch?v=p5Z5QGOUZhE), **Dominique Orban**, JuliaCon / JuMP-dev 2022, 2022-Jul-28
- [PDE-constrained optimization using JuliaSmoothOptimizers](https://www.youtube.com/watch?v=BvReBcMyujQ), **Tangi Migot**, JuliaCon / JuMP-dev 2022, 2022-Jul-28
- [A multi-precision algorithm for convex quadratic optimization](https://www.youtube.com/watch?v=4xVOfMZwZMA), **Geoffroy Leconte**, JuliaCon / JuMP-dev 2022, 2022-Jul-27
- Krylov.jl: A Julia basket of hand-picked Krylov solvers, **Alexis Montoison and Dominique Orban**, LA/Opt Seminar, ICME, Stanford University, 2022-Apr-6
- GPMR: An Iterative Method for Unsymmetric Partitioned Linear Systems, **Alexis Montoison and Dominique Orban**, 17th Copper Mountain Conference On Iterative Methods, 2022-Apr-4
- [A roadmap for JuliaSmoothOptimizers and its NLPModels API](https://youtu.be/FsQJ6NEUF6g), **Tangi Migot and Alexis Montoison**, JuMP nonlinear developers call (online)., 2022-Feb-15
- [Krylov.jl : une bibliothèque Julia pour l’algèbre linéaire numérique](https://www.youtube.com/watch?v=9brh5XHcC8o), **Alexis Montoison**, IVADO Digital October (online)., 2021-Nov-16
- [Large scale optimization solvers in Julia for data science](https://www.youtube.com/watch?v=uMKQTUfGkWw&), **Tangi Migot**, IVADO Digital October (online)., 2021-Nov-15
- TriCG and TriMR: Two Iterative Methods for Symmetric Quasi-Definite Systems, **Alexis Montoison and Dominique Orban**, SIAM Conference on Applied Linear Algebra (LA21), 2021-May-21
- [Otimização na Linguagem Julia](https://docs.google.com/presentation/d/e/2PACX-1vTExSw03IXqsEOOjWeFvvC0FLodFUw5RpIQJLNUALql9jWPjS6GG4fyVeRn3BqehrT5AmfpWYvR4Tpo/pub?start=true&loop=false&delayms=5000&slide=id.g5c57578bdc_0_1264), **Abel S. Siqueira**, Palestra no Congresso Internacional de Biomassa - 4° Expo Biomassa - Curitiba/PR, Brazil., 2019-Jun-26
- JuliaSmoothOptimizers, **Abel S. Siqueira**, Talk at PPGM - UFPR. Curitiba/PR, Brazil., 2019-May-31
- JuliaSmoothOptimizers, **Abel S. Siqueira**, Tutorial: Modeling and optimization tools in Julia: An introduction to JuMP and JSO. GERAD. Montreal/QC, Canada, 2019-Feb-7
- [A Regularized Interior-Point Method for Constrained Nonlinear Least Squares](https://abelsiqueira.com/blog/2018-07-23-xiibrazopt.pdf), **Abel S. Siqueira and Dominique Orban**, XII Brazilian Workshop on Continuous Optimization. Iguaçu Falls, Brazil., 2018-Jul-23
- [Developing new optimization methods with packages from the JuliaSmoothOptimizers organization](https://www.juliaopt.org/meetings/bordeaux2018/siqueira.pdf), **Abel S. Siqueira and Dominique Orban**, Second Annual JuMP-dev Workshop. Bordeaux, France, 2018-Jun-28
- Iterative Methods with an Error Minimization Property, **Dominique Orban, Ron Estrin and Michael A. Saunders**, LA/Opt Seminar, ICME, Stanford University, 2018-May-31
- [Otimização Não-Linear na Linguagem Julia](https://www.youtube.com/watch?v=VhAxV9I1xHs), **Abel S. Siqueira**, Seminários de Análise Convexa e Otimização. UFSC, Florianópolis/SC, Brasil, 2017-Dec-1
- [A Workflow for Designing Optimization Methods in the Julia Language](https://abelsiqueira.com/blog/jopt-2016.pdf), **Abel S. Siqueira and Dominique Orban**, 2016 Optimization Days. Montréal, Canada, 2016-May-4
### Classes (5)
- [Algèbre linéaire numérique appliquée](https://www.polymtl.ca/programmes/cours/algebre-lineaire-numerique-appliquee), **Dominique Orban**, Polytechnique Montréal, 2021-Jan-1
- [Otimização Não Linear em Julia](https://www.youtube.com/playlist?list=PLOOY0eChA1ux1LAmJZNBySGeqR0kwNZmQ), **Abel S. Siqueira**, YouTube, 2020-Sep-2
- [Méthodes d'optimisation et contrôle optimal](https://www.polymtl.ca/programmes/cours/methodes-doptimisation-et-controle-optimal), **Dominique Orban**, Polytechnique Montréal, 2019-Jan-1
- Otimização I, **Abel S. Siqueira**, UFPR - Federal University of Paraná, 2018-Jun-19
- [Advanced Topics in Scientific Computing with Julia](https://github.com/icme/cme257-advanced-julia), **Brad Nelson**, Stanford University, 2018-Mar-3
